// Jest Snapshot v1, https://goo.gl/fbAQLP

exports[`classes.js 1`] = `
====================================options=====================================
computedPropertySpacing: true
parsers: ["babel", "babel-flow"]
printWidth: 80
                                                                                | printWidth
=====================================input======================================
class c {
  ["i"]() {}
}

=====================================output=====================================
class c {
  [ "i" ]() {}
}

================================================================================
`;
