// Jest Snapshot v1, https://goo.gl/fbAQLP

exports[`indexedAccesType.ts 1`] = `
====================================options=====================================
parenSpacing: true
parsers: ["typescript"]
printWidth: 80
typeAngleBracketSpacing: true
typeBracketSpacing: true
                                                                                | printWidth
=====================================input======================================
const a: Foo['bar'] = {
  baz: 'yawp'
}

=====================================output=====================================
const a: Foo[ "bar" ] = {
  baz: "yawp",
};

================================================================================
`;
